******************************************************************************
                  TI ARM Linker PC v20.2.7                     
******************************************************************************
>> Linked Sat Dec  7 13:44:24 2024

OUTPUT FILE NAME:   <18_11_2024(haberlesme).out>
ENTRY POINT SYMBOL: "_c_int00_noargs"  address: 000012ed


MEMORY CONFIGURATION

         name            origin    length      used     unused   attr    fill
----------------------  --------  ---------  --------  --------  ----  --------
  FLASH                 00000000   00040000  00001696  0003e96a  R  X
  SRAM                  20000000   00008000  00000478  00007b88  RW X


SEGMENT ALLOCATION MAP

run origin  load origin   length   init length attrs members
----------  ----------- ---------- ----------- ----- -------
00000000    00000000    0000169c   0000169c    r-x
  00000000    00000000    0000026c   0000026c    r-- .intvecs
  0000026c    0000026c    000011c2   000011c2    r-x .text
  00001430    00001430    00000244   00000244    r-- .const
  00001678    00001678    00000024   00000024    r-- .cinit
20000000    20000000    0000047c   00000000    rw-
  20000000    20000000    0000026c   00000000    rw- .vtable
  20000270    20000270    00000200   00000000    rw- .stack
  20000470    20000470    0000000c   00000000    rw- .bss


SECTION ALLOCATION MAP

 output                                  attributes/
section   page    origin      length       input sections
--------  ----  ----------  ----------   ----------------
.intvecs   0    00000000    0000026c     
                  00000000    0000026c     tm4c123gh6pm_startup_ccs.obj (.intvecs)

.text      0    0000026c    000011c2     
                  0000026c    00000a5c     main.obj (.text)
                  00000cc8    0000016c     driverlib.lib : gpio.obj (.text:GPIOPadConfigSet)
                  00000e34    00000118                   : sysctl.obj (.text:SysCtlClockGet)
                  00000f4c    000000f4                   : sysctl.obj (.text:SysCtlClockSet)
                  00001040    00000068                   : interrupt.obj (.text:IntDisable)
                  000010a8    00000068                   : interrupt.obj (.text:IntEnable)
                  00001110    00000060                   : timer.obj (.text:TimerConfigure)
                  00001170    0000004c                   : gpio.obj (.text:GPIOPinConfigure)
                  000011bc    0000004c                   : timer.obj (.text:_TimerIntNumberGet)
                  00001208    00000044     rtsv7M4_T_le_v4SPD16_eabi.lib : autoinit.c.obj (.text:__TI_auto_init_nobinit_nopinit:__TI_auto_init_nobinit_nopinit)
                  0000124c    00000038     driverlib.lib : sysctl.obj (.text:SysCtlPeripheralReady)
                  00001284    00000034                   : interrupt.obj (.text:IntRegister)
                  000012b8    00000034                   : sysctl.obj (.text:SysCtlPeripheralEnable)
                  000012ec    00000034     rtsv7M4_T_le_v4SPD16_eabi.lib : boot_cortex_m.c.obj (.text:_c_int00_noargs:_c_int00_noargs)
                  00001320    0000002c     driverlib.lib : gpio.obj (.text:GPIODirModeSet)
                  0000134c    0000001c     rtsv7M4_T_le_v4SPD16_eabi.lib : copy_zero_init.c.obj (.text:decompress:ZI:__TI_zero_init_nomemset:__TI_zero_init_nomemset)
                  00001368    0000001a     driverlib.lib : gpio.obj (.text:GPIOPinTypeGPIOOutput)
                  00001382    00000018                   : timer.obj (.text:TimerIntRegister)
                  0000139a    00000016                   : gpio.obj (.text:GPIOPinTypeUART)
                  000013b0    00000014                   : interrupt.obj (.text:IntUnregister)
                  000013c4    00000012                   : timer.obj (.text:TimerLoadSet)
                  000013d6    00000010                   : interrupt.obj (.text:IntMasterEnable)
                  000013e6    0000000e                   : timer.obj (.text:TimerEnable)
                  000013f4    0000000c                   : cpu.obj (.text:CPUcpsie)
                  00001400    0000000c     tm4c123gh6pm_startup_ccs.obj (.text)
                  0000140c    00000008     driverlib.lib : timer.obj (.text:TimerIntEnable)
                  00001414    00000006                   : gpio.obj (.text:GPIOPinWrite)
                  0000141a    00000006                   : sysctl.obj (.text:SysCtlDelay)
                  00001420    00000004                   : timer.obj (.text:TimerIntClear)
                  00001424    00000004     rtsv7M4_T_le_v4SPD16_eabi.lib : pre_init.c.obj (.text:_system_pre_init)
                  00001428    00000004                                   : exit.c.obj (.text:abort:abort)
                  0000142c    00000002     driverlib.lib : interrupt.obj (.text:_IntDefaultHandler)

.const     0    00001430    00000244     
                  00001430    00000090     driverlib.lib : gpio.obj (.const:g_pui32GPIOBaseAddrs)
                  000014c0    0000006c                   : sysctl.obj (.const:g_pui32Xtals)
                  0000152c    00000060                   : timer.obj (.const:g_ppui32TimerIntMap)
                  0000158c    00000040                   : timer.obj (.const:g_ppui32TimerIntMapSnowflake)
                  000015cc    00000040     main.obj (.const:g_ppui32UARTIntMap)
                  0000160c    00000040     main.obj (.const:g_ppui32UARTIntMapSnowflake)
                  0000164c    00000014     driverlib.lib : interrupt.obj (.const:g_pui32Dii16Regs)
                  00001660    00000014                   : interrupt.obj (.const:g_pui32EnRegs)

.cinit     0    00001678    00000024     
                  00001678    00000008     (.cinit..bss.load) [load image, compression = zero_init]
                  00001680    00000008     (.cinit..vtable.load) [load image, compression = zero_init]
                  00001688    00000004     (__TI_handler_table)
                  0000168c    00000010     (__TI_cinit_table)

.init_array 
*          0    00000000    00000000     UNINITIALIZED

.vtable    0    20000000    0000026c     UNINITIALIZED
                  20000000    0000026c     driverlib.lib : interrupt.obj (.vtable)

.bss       0    20000470    0000000c     UNINITIALIZED
                  20000470    00000004     (.common:dakika)
                  20000474    00000004     (.common:saat)
                  20000478    00000004     (.common:saniye)

.stack     0    20000270    00000200     UNINITIALIZED
                  20000270    00000004     rtsv7M4_T_le_v4SPD16_eabi.lib : boot_cortex_m.c.obj (.stack)
                  20000274    000001fc     --HOLE--

__llvm_prf_cnts 
*          0    20000000    00000000     UNINITIALIZED

MODULE SUMMARY

       Module                         code   ro data   rw data
       ------                         ----   -------   -------
    .\
       main.obj                       2652   128       12     
       tm4c123gh6pm_startup_ccs.obj   12     620       0      
    +--+------------------------------+------+---------+---------+
       Total:                         2664   748       12     
                                                              
    C:/ti/TivaWare_C_Series-2.2.0.295/driverlib/ccs/Debug/driverlib.lib
       interrupt.obj                  298    40        620    
       sysctl.obj                     638    108       0      
       gpio.obj                       538    144       0      
       timer.obj                      240    160       0      
       cpu.obj                        12     0         0      
    +--+------------------------------+------+---------+---------+
       Total:                         1726   452       620    
                                                              
    C:\ti\ccs1280\ccs\tools\compiler\ti-cgt-arm_20.2.7.LTS\lib\rtsv7M4_T_le_v4SPD16_eabi.lib
       autoinit.c.obj                 68     0         0      
       boot_cortex_m.c.obj            52     0         0      
       copy_zero_init.c.obj           28     0         0      
       exit.c.obj                     4      0         0      
       pre_init.c.obj                 4      0         0      
    +--+------------------------------+------+---------+---------+
       Total:                         156    0         0      
                                                              
       Stack:                         0      0         512    
       Linker Generated:              0      36        0      
    +--+------------------------------+------+---------+---------+
       Grand Total:                   4546   1236      1144   


LINKER GENERATED COPY TABLES

__TI_cinit_table @ 0000168c records: 2, size/record: 8, table size: 16
	.bss: load addr=00001678, load size=00000008 bytes, run addr=20000470, run size=0000000c bytes, compression=zero_init
	.vtable: load addr=00001680, load size=00000008 bytes, run addr=20000000, run size=0000026c bytes, compression=zero_init


LINKER GENERATED HANDLER TABLE

__TI_handler_table @ 00001688 records: 1, size/record: 4, table size: 4
	index: 0, handler: __TI_zero_init


GLOBAL SYMBOLS: SORTED ALPHABETICALLY BY Name 

address   name                          
-------   ----                          
00001429  C$$EXIT                       
000013f5  CPUcpsie                      
00001321  GPIODirModeSet                
00000cc9  GPIOPadConfigSet              
00001171  GPIOPinConfigure              
00001369  GPIOPinTypeGPIOOutput         
0000139b  GPIOPinTypeUART               
00001415  GPIOPinWrite                  
00001041  IntDisable                    
000010a9  IntEnable                     
000013d7  IntMasterEnable               
00001285  IntRegister                   
000013b1  IntUnregister                 
00001401  ResetISR                      
000008af  SetInitSettings               
00000e35  SysCtlClockGet                
00000f4d  SysCtlClockSet                
0000141b  SysCtlDelay                   
000012b9  SysCtlPeripheralEnable        
0000124d  SysCtlPeripheralReady         
00001111  TimerConfigure                
000013e7  TimerEnable                   
00001421  TimerIntClear                 
0000140d  TimerIntEnable                
00001383  TimerIntRegister              
000013c5  TimerLoadSet                  
0000083d  UART9BitAddrSend              
00000817  UART9BitAddrSet               
00000801  UART9BitDisable               
000007eb  UART9BitEnable                
0000068f  UARTBreakCtl                  
000006b9  UARTBusy                      
00000637  UARTCharGet                   
0000061b  UARTCharGetNonBlocking        
00000671  UARTCharPut                   
0000064d  UARTCharPutNonBlocking        
000005df  UARTCharsAvail                
000007db  UARTClockSourceGet            
000007c7  UARTClockSourceSet            
000003af  UARTConfigGetExpClk           
00000339  UARTConfigSetExpClk           
0000078d  UARTDMADisable                
00000775  UARTDMAEnable                 
0000041f  UARTDisable                   
000004a3  UARTDisableSIR                
000003fb  UARTEnable                    
00000475  UARTEnableSIR                 
0000045f  UARTFIFODisable               
00000449  UARTFIFOEnable                
00000311  UARTFIFOLevelGet              
000002f9  UARTFIFOLevelSet              
0000059f  UARTFlowControlGet            
00000583  UARTFlowControlSet            
00000763  UARTIntClear                  
0000072d  UARTIntDisable                
00000715  UARTIntEnable                 
000006d7  UARTIntRegister               
00000745  UARTIntStatus                 
000006f5  UARTIntUnregister             
00000885  UARTLoopbackEnable            
00000539  UARTModemControlClear         
0000055d  UARTModemControlGet           
00000501  UARTModemControlSet           
0000056f  UARTModemStatusGet            
000002e7  UARTParityModeGet             
000002cb  UARTParityModeSet             
000007b7  UARTRxErrorClear              
000007a5  UARTRxErrorGet                
000004eb  UARTSmartCardDisable          
000004b9  UARTSmartCardEnable           
000005fd  UARTSpaceAvail                
000005cd  UARTTxIntModeGet              
000005b1  UARTTxIntModeSet              
20000470  __STACK_END                   
00000200  __STACK_SIZE                  
20000470  __STACK_TOP                   
0000168c  __TI_CINIT_Base               
0000169c  __TI_CINIT_Limit              
00001688  __TI_Handler_Table_Base       
0000168c  __TI_Handler_Table_Limit      
00001209  __TI_auto_init_nobinit_nopinit
ffffffff  __TI_pprof_out_hndl           
ffffffff  __TI_prof_data_size           
ffffffff  __TI_prof_data_start          
00000000  __TI_static_base__            
0000134d  __TI_zero_init_nomemset       
ffffffff  __binit__                     
ffffffff  __c_args__                    
UNDEFED   __mpu_init                    
20000270  __stack                       
20000000  __start___llvm_prf_cnts       
20000000  __stop___llvm_prf_cnts        
000012ed  _c_int00_noargs               
UNDEFED   _system_post_cinit            
00001425  _system_pre_init              
00001429  abort                         
ffffffff  binit                         
20000470  dakika                        
00000baf  delayMs                       
00000c25  diger_ayar                    
00000b2d  format_time                   
20000000  g_pfnRAMVectors               
00000000  g_pfnVectors                  
00000a31  lcd_command                   
00000aa1  lcd_data                      
000009af  lcd_init                      
00000b11  lcd_print                     
0000089b  main                          
20000474  saat                          
20000478  saniye                        
00000c51  serikesme                     
000008ff  timerkesmefonksiyonu          
00000bc9  uart_ayari                    


GLOBAL SYMBOLS: SORTED BY Symbol Address 

address   name                          
-------   ----                          
00000000  __TI_static_base__            
00000000  g_pfnVectors                  
00000200  __STACK_SIZE                  
000002cb  UARTParityModeSet             
000002e7  UARTParityModeGet             
000002f9  UARTFIFOLevelSet              
00000311  UARTFIFOLevelGet              
00000339  UARTConfigSetExpClk           
000003af  UARTConfigGetExpClk           
000003fb  UARTEnable                    
0000041f  UARTDisable                   
00000449  UARTFIFOEnable                
0000045f  UARTFIFODisable               
00000475  UARTEnableSIR                 
000004a3  UARTDisableSIR                
000004b9  UARTSmartCardEnable           
000004eb  UARTSmartCardDisable          
00000501  UARTModemControlSet           
00000539  UARTModemControlClear         
0000055d  UARTModemControlGet           
0000056f  UARTModemStatusGet            
00000583  UARTFlowControlSet            
0000059f  UARTFlowControlGet            
000005b1  UARTTxIntModeSet              
000005cd  UARTTxIntModeGet              
000005df  UARTCharsAvail                
000005fd  UARTSpaceAvail                
0000061b  UARTCharGetNonBlocking        
00000637  UARTCharGet                   
0000064d  UARTCharPutNonBlocking        
00000671  UARTCharPut                   
0000068f  UARTBreakCtl                  
000006b9  UARTBusy                      
000006d7  UARTIntRegister               
000006f5  UARTIntUnregister             
00000715  UARTIntEnable                 
0000072d  UARTIntDisable                
00000745  UARTIntStatus                 
00000763  UARTIntClear                  
00000775  UARTDMAEnable                 
0000078d  UARTDMADisable                
000007a5  UARTRxErrorGet                
000007b7  UARTRxErrorClear              
000007c7  UARTClockSourceSet            
000007db  UARTClockSourceGet            
000007eb  UART9BitEnable                
00000801  UART9BitDisable               
00000817  UART9BitAddrSet               
0000083d  UART9BitAddrSend              
00000885  UARTLoopbackEnable            
0000089b  main                          
000008af  SetInitSettings               
000008ff  timerkesmefonksiyonu          
000009af  lcd_init                      
00000a31  lcd_command                   
00000aa1  lcd_data                      
00000b11  lcd_print                     
00000b2d  format_time                   
00000baf  delayMs                       
00000bc9  uart_ayari                    
00000c25  diger_ayar                    
00000c51  serikesme                     
00000cc9  GPIOPadConfigSet              
00000e35  SysCtlClockGet                
00000f4d  SysCtlClockSet                
00001041  IntDisable                    
000010a9  IntEnable                     
00001111  TimerConfigure                
00001171  GPIOPinConfigure              
00001209  __TI_auto_init_nobinit_nopinit
0000124d  SysCtlPeripheralReady         
00001285  IntRegister                   
000012b9  SysCtlPeripheralEnable        
000012ed  _c_int00_noargs               
00001321  GPIODirModeSet                
0000134d  __TI_zero_init_nomemset       
00001369  GPIOPinTypeGPIOOutput         
00001383  TimerIntRegister              
0000139b  GPIOPinTypeUART               
000013b1  IntUnregister                 
000013c5  TimerLoadSet                  
000013d7  IntMasterEnable               
000013e7  TimerEnable                   
000013f5  CPUcpsie                      
00001401  ResetISR                      
0000140d  TimerIntEnable                
00001415  GPIOPinWrite                  
0000141b  SysCtlDelay                   
00001421  TimerIntClear                 
00001425  _system_pre_init              
00001429  C$$EXIT                       
00001429  abort                         
00001688  __TI_Handler_Table_Base       
0000168c  __TI_CINIT_Base               
0000168c  __TI_Handler_Table_Limit      
0000169c  __TI_CINIT_Limit              
20000000  __start___llvm_prf_cnts       
20000000  __stop___llvm_prf_cnts        
20000000  g_pfnRAMVectors               
20000270  __stack                       
20000470  __STACK_END                   
20000470  __STACK_TOP                   
20000470  dakika                        
20000474  saat                          
20000478  saniye                        
ffffffff  __TI_pprof_out_hndl           
ffffffff  __TI_prof_data_size           
ffffffff  __TI_prof_data_start          
ffffffff  __binit__                     
ffffffff  __c_args__                    
ffffffff  binit                         
UNDEFED   __mpu_init                    
UNDEFED   _system_post_cinit            

[113 symbols]
